---
http_interactions:
- request:
    method: get
    uri: http://api.openweathermap.org/data/2.5/forecast/daily?APPID=bd5e378503939ddaee76f12ad7a97608&cnt=10&id=2618425&units=metric
    body:
      encoding: US-ASCII
      string: ''
    headers:
      Accept-Encoding:
      - gzip;q=1.0,deflate;q=0.6,identity;q=0.3
      Accept:
      - "*/*"
      User-Agent:
      - Ruby
      Host:
      - api.openweathermap.org
  response:
    status:
      code: 200
      message: OK
    headers:
      Server:
      - openresty
      Date:
      - Thu, 31 Aug 2017 19:31:49 GMT
      Content-Type:
      - application/json; charset=utf-8
      Content-Length:
      - '2697'
      Connection:
      - keep-alive
      X-Cache-Key:
      - "/data/2.5/forecast/daily?APPID=bd5e378503939ddaee76f12ad7a97608&cnt=10&id=2618425&units=metric"
      Access-Control-Allow-Origin:
      - "*"
      Access-Control-Allow-Credentials:
      - 'true'
      Access-Control-Allow-Methods:
      - GET, POST
    body:
      encoding: UTF-8
      string: '{"city":{"id":2618425,"name":"Copenhagen","coord":{"lon":12.5655,"lat":55.6759},"country":"DK","population":0},"cod":"200","message":0.0195484,"cnt":10,"list":[{"dt":1504177200,"temp":{"day":14.2,"min":13.34,"max":14.2,"night":13.34,"eve":14.2,"morn":14.2},"pressure":1024.4,"humidity":94,"weather":[{"id":500,"main":"Rain","description":"light
        rain","icon":"10d"}],"speed":7.92,"deg":279,"clouds":32},{"dt":1504263600,"temp":{"day":16.69,"min":14.54,"max":17.28,"night":14.71,"eve":16.26,"morn":14.54},"pressure":1030.89,"humidity":87,"weather":[{"id":803,"main":"Clouds","description":"broken
        clouds","icon":"04d"}],"speed":4.76,"deg":295,"clouds":64},{"dt":1504350000,"temp":{"day":16.85,"min":12.29,"max":17.17,"night":12.29,"eve":15.58,"morn":14.65},"pressure":1031.72,"humidity":85,"weather":[{"id":803,"main":"Clouds","description":"broken
        clouds","icon":"04d"}],"speed":3.76,"deg":337,"clouds":64},{"dt":1504436400,"temp":{"day":18.2,"min":13.21,"max":18.78,"night":13.22,"eve":16.86,"morn":13.21},"pressure":1031.74,"humidity":80,"weather":[{"id":800,"main":"Clear","description":"sky
        is clear","icon":"01d"}],"speed":2.91,"deg":24,"clouds":0},{"dt":1504522800,"temp":{"day":17.07,"min":14.58,"max":17.07,"night":15.54,"eve":16.92,"morn":14.58},"pressure":1010.96,"humidity":0,"weather":[{"id":502,"main":"Rain","description":"heavy
        intensity rain","icon":"10d"}],"speed":4.88,"deg":235,"clouds":87,"rain":18.31},{"dt":1504609200,"temp":{"day":17.95,"min":14.55,"max":17.95,"night":14.55,"eve":16.33,"morn":15.84},"pressure":1017.84,"humidity":0,"weather":[{"id":500,"main":"Rain","description":"light
        rain","icon":"10d"}],"speed":4.38,"deg":262,"clouds":40,"rain":0.44},{"dt":1504695600,"temp":{"day":18.15,"min":14.81,"max":18.15,"night":14.81,"eve":16.78,"morn":15.09},"pressure":1017.09,"humidity":0,"weather":[{"id":500,"main":"Rain","description":"light
        rain","icon":"10d"}],"speed":6.64,"deg":264,"clouds":42,"rain":0.87},{"dt":1504782000,"temp":{"day":16.99,"min":14.5,"max":16.99,"night":15.37,"eve":16.55,"morn":14.5},"pressure":1022.18,"humidity":0,"weather":[{"id":500,"main":"Rain","description":"light
        rain","icon":"10d"}],"speed":8.9,"deg":281,"clouds":28,"rain":1.45},{"dt":1504868400,"temp":{"day":19.18,"min":15.25,"max":19.18,"night":15.25,"eve":18.71,"morn":15.92},"pressure":1022.03,"humidity":0,"weather":[{"id":500,"main":"Rain","description":"light
        rain","icon":"10d"}],"speed":7.49,"deg":249,"clouds":50,"rain":0.86},{"dt":1504954800,"temp":{"day":22.44,"min":16.04,"max":22.44,"night":18,"eve":20.73,"morn":16.04},"pressure":1015.69,"humidity":0,"weather":[{"id":800,"main":"Clear","description":"sky
        is clear","icon":"01d"}],"speed":5.27,"deg":169,"clouds":0}]}'
    http_version: 
  recorded_at: Thu, 31 Aug 2017 19:31:48 GMT
- request:
    method: get
    uri: http://api.openweathermap.org/data/2.5/forecast/daily?APPID=bd5e378503939ddaee76f12ad7a97608&cnt=10&id=2950096&units=metric
    body:
      encoding: US-ASCII
      string: ''
    headers:
      Accept-Encoding:
      - gzip;q=1.0,deflate;q=0.6,identity;q=0.3
      Accept:
      - "*/*"
      User-Agent:
      - Ruby
      Host:
      - api.openweathermap.org
  response:
    status:
      code: 200
      message: OK
    headers:
      Server:
      - openresty
      Date:
      - Thu, 31 Aug 2017 19:31:49 GMT
      Content-Type:
      - application/json; charset=utf-8
      Content-Length:
      - '2706'
      Connection:
      - keep-alive
      X-Cache-Key:
      - "/data/2.5/forecast/daily?APPID=bd5e378503939ddaee76f12ad7a97608&cnt=10&id=2950096&units=metric"
      Access-Control-Allow-Origin:
      - "*"
      Access-Control-Allow-Credentials:
      - 'true'
      Access-Control-Allow-Methods:
      - GET, POST
    body:
      encoding: UTF-8
      string: '{"city":{"id":2950096,"name":"Bernau bei Berlin","coord":{"lon":13.5871,"lat":52.6798},"country":"DE","population":0},"cod":"200","message":1.0853405,"cnt":10,"list":[{"dt":1504177200,"temp":{"day":17,"min":13.98,"max":17,"night":13.98,"eve":17,"morn":17},"pressure":1022.37,"humidity":90,"weather":[{"id":500,"main":"Rain","description":"light
        rain","icon":"10d"}],"speed":3.92,"deg":297,"clouds":88,"rain":0.61},{"dt":1504263600,"temp":{"day":18.04,"min":11.56,"max":18.04,"night":11.56,"eve":16.21,"morn":13.62},"pressure":1027,"humidity":75,"weather":[{"id":804,"main":"Clouds","description":"overcast
        clouds","icon":"04d"}],"speed":2.66,"deg":333,"clouds":88},{"dt":1504350000,"temp":{"day":19,"min":10.69,"max":19,"night":10.69,"eve":15.63,"morn":11.8},"pressure":1025.24,"humidity":63,"weather":[{"id":500,"main":"Rain","description":"light
        rain","icon":"10d"}],"speed":5.41,"deg":2,"clouds":92,"rain":0.2},{"dt":1504436400,"temp":{"day":18.5,"min":12.07,"max":18.5,"night":12.07,"eve":16.11,"morn":12.21},"pressure":1025.09,"humidity":69,"weather":[{"id":500,"main":"Rain","description":"light
        rain","icon":"10d"}],"speed":5.66,"deg":352,"clouds":56,"rain":1.1},{"dt":1504522800,"temp":{"day":16.17,"min":13.88,"max":16.64,"night":16.64,"eve":16.62,"morn":13.88},"pressure":1018.66,"humidity":0,"weather":[{"id":502,"main":"Rain","description":"heavy
        intensity rain","icon":"10d"}],"speed":6.2,"deg":243,"clouds":95,"rain":14.11},{"dt":1504609200,"temp":{"day":19.25,"min":13.75,"max":19.25,"night":13.75,"eve":17.13,"morn":16.49},"pressure":1021.29,"humidity":0,"weather":[{"id":500,"main":"Rain","description":"light
        rain","icon":"10d"}],"speed":3.87,"deg":261,"clouds":38,"rain":1.39},{"dt":1504695600,"temp":{"day":21.15,"min":15.39,"max":21.15,"night":15.86,"eve":20.03,"morn":15.39},"pressure":1021.55,"humidity":0,"weather":[{"id":500,"main":"Rain","description":"light
        rain","icon":"10d"}],"speed":4.58,"deg":241,"clouds":48,"rain":1.35},{"dt":1504782000,"temp":{"day":18.89,"min":13.12,"max":18.89,"night":13.12,"eve":16.9,"morn":13.95},"pressure":1027.04,"humidity":0,"weather":[{"id":500,"main":"Rain","description":"light
        rain","icon":"10d"}],"speed":5.24,"deg":282,"clouds":45,"rain":1.38},{"dt":1504868400,"temp":{"day":22.33,"min":14.27,"max":22.33,"night":14.8,"eve":18.96,"morn":14.27},"pressure":1027.71,"humidity":0,"weather":[{"id":800,"main":"Clear","description":"sky
        is clear","icon":"01d"}],"speed":5.15,"deg":247,"clouds":4},{"dt":1504954800,"temp":{"day":26.69,"min":16.39,"max":26.69,"night":18.8,"eve":24.13,"morn":16.39},"pressure":1019.34,"humidity":0,"weather":[{"id":800,"main":"Clear","description":"sky
        is clear","icon":"01d"}],"speed":5.97,"deg":200,"clouds":5}]}'
    http_version: 
  recorded_at: Thu, 31 Aug 2017 19:31:48 GMT
- request:
    method: get
    uri: http://api.openweathermap.org/data/2.5/forecast/daily?APPID=bd5e378503939ddaee76f12ad7a97608&cnt=10&id=667268&units=metric
    body:
      encoding: US-ASCII
      string: ''
    headers:
      Accept-Encoding:
      - gzip;q=1.0,deflate;q=0.6,identity;q=0.3
      Accept:
      - "*/*"
      User-Agent:
      - Ruby
      Host:
      - api.openweathermap.org
  response:
    status:
      code: 200
      message: OK
    headers:
      Server:
      - openresty
      Date:
      - Thu, 31 Aug 2017 19:31:49 GMT
      Content-Type:
      - application/json; charset=utf-8
      Content-Length:
      - '2667'
      Connection:
      - keep-alive
      X-Cache-Key:
      - "/data/2.5/forecast/daily?APPID=bd5e378503939ddaee76f12ad7a97608&cnt=10&id=667268&units=metric"
      Access-Control-Allow-Origin:
      - "*"
      Access-Control-Allow-Credentials:
      - 'true'
      Access-Control-Allow-Methods:
      - GET, POST
    body:
      encoding: UTF-8
      string: '{"city":{"id":667268,"name":"Sibiu","coord":{"lon":24.15,"lat":45.8},"country":"RO","population":0},"cod":"200","message":15.6642316,"cnt":10,"list":[{"dt":1504173600,"temp":{"day":17,"min":12.55,"max":17,"night":12.55,"eve":17,"morn":17},"pressure":906.69,"humidity":87,"weather":[{"id":800,"main":"Clear","description":"sky
        is clear","icon":"01n"}],"speed":0.47,"deg":39,"clouds":0},{"dt":1504260000,"temp":{"day":21.57,"min":7.73,"max":23.34,"night":11.81,"eve":22.28,"morn":7.73},"pressure":904.94,"humidity":49,"weather":[{"id":800,"main":"Clear","description":"sky
        is clear","icon":"01d"}],"speed":0.37,"deg":5,"clouds":0},{"dt":1504346400,"temp":{"day":24.11,"min":9.59,"max":24.11,"night":13.16,"eve":20.77,"morn":9.59},"pressure":902.44,"humidity":57,"weather":[{"id":501,"main":"Rain","description":"moderate
        rain","icon":"10d"}],"speed":0.71,"deg":184,"clouds":0,"rain":3.06},{"dt":1504432800,"temp":{"day":20.53,"min":12.11,"max":21.95,"night":12.11,"eve":20.38,"morn":15.04},"pressure":899.88,"humidity":68,"weather":[{"id":501,"main":"Rain","description":"moderate
        rain","icon":"10d"}],"speed":0.66,"deg":221,"clouds":24,"rain":3.1},{"dt":1504519200,"temp":{"day":18.37,"min":7.14,"max":18.37,"night":7.14,"eve":12.52,"morn":12.63},"pressure":955.43,"humidity":0,"weather":[{"id":500,"main":"Rain","description":"light
        rain","icon":"10d"}],"speed":2.3,"deg":295,"clouds":14,"rain":0.64},{"dt":1504605600,"temp":{"day":20.15,"min":8.7,"max":20.15,"night":8.7,"eve":14.13,"morn":12.59},"pressure":957.04,"humidity":0,"weather":[{"id":500,"main":"Rain","description":"light
        rain","icon":"10d"}],"speed":1.68,"deg":273,"clouds":7,"rain":0.48},{"dt":1504692000,"temp":{"day":21.95,"min":10.71,"max":21.95,"night":10.71,"eve":15.33,"morn":13.79},"pressure":959.94,"humidity":0,"weather":[{"id":500,"main":"Rain","description":"light
        rain","icon":"10d"}],"speed":1.47,"deg":294,"clouds":39,"rain":0.99},{"dt":1504778400,"temp":{"day":23.34,"min":11.42,"max":23.34,"night":11.42,"eve":16.55,"morn":15.2},"pressure":959.56,"humidity":0,"weather":[{"id":500,"main":"Rain","description":"light
        rain","icon":"10d"}],"speed":1.43,"deg":234,"clouds":61,"rain":0.25},{"dt":1504864800,"temp":{"day":22.48,"min":12.25,"max":22.48,"night":12.25,"eve":16.76,"morn":16.17},"pressure":960.84,"humidity":0,"weather":[{"id":500,"main":"Rain","description":"light
        rain","icon":"10d"}],"speed":2.34,"deg":349,"clouds":52,"rain":0.57},{"dt":1504951200,"temp":{"day":23.34,"min":10.65,"max":23.34,"night":10.65,"eve":15.88,"morn":15.74},"pressure":960.77,"humidity":0,"weather":[{"id":500,"main":"Rain","description":"light
        rain","icon":"10d"}],"speed":1.49,"deg":31,"clouds":9}]}'
    http_version: 
  recorded_at: Thu, 31 Aug 2017 19:31:49 GMT
recorded_with: VCR 3.0.3
